{
  "iniconfig": {
    "dependencies": {},
    "description": "brain-dead simple config-ini parsing",
    "develop": false,
    "extras": {},
    "files": {
      "all": {
        "iniconfig-2.0.0-py3-none-any.whl": {
          "file": "iniconfig-2.0.0-py3-none-any.whl",
          "hash": "sha256:b6a85871a79d2e3b22d2d1b94ac2824226a63c6b741c88f7ae975f18b6778374"
        },
        "iniconfig-2.0.0.tar.gz": {
          "file": "iniconfig-2.0.0.tar.gz",
          "hash": "sha256:2d91e135bf72d31a410b17c16da610a82cb55f6b0477d1a902134b24a455b8b3"
        }
      },
      "eggs": [],
      "others": [],
      "sdists": [
        {
          "file": "iniconfig-2.0.0.tar.gz",
          "hash": "sha256:2d91e135bf72d31a410b17c16da610a82cb55f6b0477d1a902134b24a455b8b3"
        }
      ],
      "wheels": [
        {
          "file": "iniconfig-2.0.0-py3-none-any.whl",
          "hash": "sha256:b6a85871a79d2e3b22d2d1b94ac2824226a63c6b741c88f7ae975f18b6778374"
        }
      ]
    },
    "name": "iniconfig",
    "optional": false,
    "python-versions": [
      {
        "op": ">=",
        "version": {
          "dev": null,
          "epoch": 0,
          "local": null,
          "post": null,
          "pre": null,
          "release": [
            3,
            7
          ]
        }
      }
    ],
    "source": {},
    "version": "2.0.0",
    "version'": {
      "dev": null,
      "epoch": 0,
      "local": null,
      "post": null,
      "pre": null,
      "release": [
        2,
        0,
        0
      ]
    }
  },
  "packaging": {
    "dependencies": {},
    "description": "Core utilities for Python packages",
    "develop": false,
    "extras": {},
    "files": {
      "all": {
        "packaging-24.1-py3-none-any.whl": {
          "file": "packaging-24.1-py3-none-any.whl",
          "hash": "sha256:5b8f2217dbdbd2f7f384c41c628544e6d52f2d0f53c6d0c3ea61aa5d1d7ff124"
        },
        "packaging-24.1.tar.gz": {
          "file": "packaging-24.1.tar.gz",
          "hash": "sha256:026ed72c8ed3fcce5bf8950572258698927fd1dbda10a5e981cdf0ac37f4f002"
        }
      },
      "eggs": [],
      "others": [],
      "sdists": [
        {
          "file": "packaging-24.1.tar.gz",
          "hash": "sha256:026ed72c8ed3fcce5bf8950572258698927fd1dbda10a5e981cdf0ac37f4f002"
        }
      ],
      "wheels": [
        {
          "file": "packaging-24.1-py3-none-any.whl",
          "hash": "sha256:5b8f2217dbdbd2f7f384c41c628544e6d52f2d0f53c6d0c3ea61aa5d1d7ff124"
        }
      ]
    },
    "name": "packaging",
    "optional": false,
    "python-versions": [
      {
        "op": ">=",
        "version": {
          "dev": null,
          "epoch": 0,
          "local": null,
          "post": null,
          "pre": null,
          "release": [
            3,
            8
          ]
        }
      }
    ],
    "source": {},
    "version": "24.1",
    "version'": {
      "dev": null,
      "epoch": 0,
      "local": null,
      "post": null,
      "pre": null,
      "release": [
        24,
        1
      ]
    }
  },
  "pluggy": {
    "dependencies": {},
    "description": "plugin and hook calling mechanisms for python",
    "develop": false,
    "extras": {
      "dev": [
        {
          "conditions": [],
          "extras": [],
          "markers": null,
          "name": "pre-commit",
          "url": null
        },
        {
          "conditions": [],
          "extras": [],
          "markers": null,
          "name": "tox",
          "url": null
        }
      ],
      "testing": [
        {
          "conditions": [],
          "extras": [],
          "markers": null,
          "name": "pytest",
          "url": null
        },
        {
          "conditions": [],
          "extras": [],
          "markers": null,
          "name": "pytest-benchmark",
          "url": null
        }
      ]
    },
    "files": {
      "all": {
        "pluggy-1.5.0-py3-none-any.whl": {
          "file": "pluggy-1.5.0-py3-none-any.whl",
          "hash": "sha256:44e1ad92c8ca002de6377e165f3e0f1be63266ab4d554740532335b9d75ea669"
        },
        "pluggy-1.5.0.tar.gz": {
          "file": "pluggy-1.5.0.tar.gz",
          "hash": "sha256:2cffa88e94fdc978c4c574f15f9e59b7f4201d439195c3715ca9e2486f1d0cf1"
        }
      },
      "eggs": [],
      "others": [],
      "sdists": [
        {
          "file": "pluggy-1.5.0.tar.gz",
          "hash": "sha256:2cffa88e94fdc978c4c574f15f9e59b7f4201d439195c3715ca9e2486f1d0cf1"
        }
      ],
      "wheels": [
        {
          "file": "pluggy-1.5.0-py3-none-any.whl",
          "hash": "sha256:44e1ad92c8ca002de6377e165f3e0f1be63266ab4d554740532335b9d75ea669"
        }
      ]
    },
    "name": "pluggy",
    "optional": false,
    "python-versions": [
      {
        "op": ">=",
        "version": {
          "dev": null,
          "epoch": 0,
          "local": null,
          "post": null,
          "pre": null,
          "release": [
            3,
            8
          ]
        }
      }
    ],
    "source": {},
    "version": "1.5.0",
    "version'": {
      "dev": null,
      "epoch": 0,
      "local": null,
      "post": null,
      "pre": null,
      "release": [
        1,
        5,
        0
      ]
    }
  },
  "pytest": {
    "dependencies": {
      "iniconfig": [
        {
          "markers": null,
          "version": [
            {
              "op": "",
              "version": {
                "dev": null,
                "epoch": 0,
                "local": null,
                "post": null,
                "pre": null,
                "release": [
                  "*"
                ]
              }
            }
          ]
        }
      ],
      "packaging": [
        {
          "markers": null,
          "version": [
            {
              "op": "",
              "version": {
                "dev": null,
                "epoch": 0,
                "local": null,
                "post": null,
                "pre": null,
                "release": [
                  "*"
                ]
              }
            }
          ]
        }
      ],
      "pluggy": [
        {
          "markers": null,
          "version": [
            {
              "op": ">=",
              "version": {
                "dev": null,
                "epoch": 0,
                "local": null,
                "post": null,
                "pre": null,
                "release": [
                  1,
                  5
                ]
              }
            },
            {
              "op": "<",
              "version": {
                "dev": null,
                "epoch": 0,
                "local": null,
                "post": null,
                "pre": null,
                "release": [
                  2
                ]
              }
            }
          ]
        }
      ]
    },
    "description": "pytest: simple powerful testing with Python",
    "develop": false,
    "extras": {
      "dev": [
        {
          "conditions": [],
          "extras": [],
          "markers": null,
          "name": "argcomplete",
          "url": null
        },
        {
          "conditions": [
            {
              "op": ">=",
              "version": {
                "dev": null,
                "epoch": 0,
                "local": null,
                "post": null,
                "pre": null,
                "release": [
                  19,
                  2
                ]
              }
            }
          ],
          "extras": [],
          "markers": null,
          "name": "attrs",
          "url": null
        },
        {
          "conditions": [
            {
              "op": ">=",
              "version": {
                "dev": null,
                "epoch": 0,
                "local": null,
                "post": null,
                "pre": null,
                "release": [
                  3,
                  56
                ]
              }
            }
          ],
          "extras": [],
          "markers": null,
          "name": "hypothesis",
          "url": null
        },
        {
          "conditions": [],
          "extras": [],
          "markers": null,
          "name": "mock",
          "url": null
        },
        {
          "conditions": [
            {
              "op": ">=",
              "version": {
                "dev": null,
                "epoch": 0,
                "local": null,
                "post": null,
                "pre": null,
                "release": [
                  2,
                  7,
                  2
                ]
              }
            }
          ],
          "extras": [],
          "markers": null,
          "name": "pygments",
          "url": null
        },
        {
          "conditions": [],
          "extras": [],
          "markers": null,
          "name": "requests",
          "url": null
        },
        {
          "conditions": [],
          "extras": [],
          "markers": null,
          "name": "setuptools",
          "url": null
        },
        {
          "conditions": [],
          "extras": [],
          "markers": null,
          "name": "xmlschema",
          "url": null
        }
      ]
    },
    "files": {
      "all": {
        "pytest-8.3.2-py3-none-any.whl": {
          "file": "pytest-8.3.2-py3-none-any.whl",
          "hash": "sha256:4ba08f9ae7dcf84ded419494d229b48d0903ea6407b030eaec46df5e6a73bba5"
        },
        "pytest-8.3.2.tar.gz": {
          "file": "pytest-8.3.2.tar.gz",
          "hash": "sha256:c132345d12ce551242c87269de812483f5bcc87cdbb4722e48487ba194f9fdce"
        }
      },
      "eggs": [],
      "others": [],
      "sdists": [
        {
          "file": "pytest-8.3.2.tar.gz",
          "hash": "sha256:c132345d12ce551242c87269de812483f5bcc87cdbb4722e48487ba194f9fdce"
        }
      ],
      "wheels": [
        {
          "file": "pytest-8.3.2-py3-none-any.whl",
          "hash": "sha256:4ba08f9ae7dcf84ded419494d229b48d0903ea6407b030eaec46df5e6a73bba5"
        }
      ]
    },
    "name": "pytest",
    "optional": false,
    "python-versions": [
      {
        "op": ">=",
        "version": {
          "dev": null,
          "epoch": 0,
          "local": null,
          "post": null,
          "pre": null,
          "release": [
            3,
            8
          ]
        }
      }
    ],
    "source": {},
    "version": "8.3.2",
    "version'": {
      "dev": null,
      "epoch": 0,
      "local": null,
      "post": null,
      "pre": null,
      "release": [
        8,
        3,
        2
      ]
    }
  }
}
